// Jest Snapshot v1, https://goo.gl/fbAQLP

exports[`Home page test if About RUSH exists 1`] = `[Function]`;
