// Jest Snapshot v1, https://goo.gl/fbAQLP

exports[`pages/forms test form when adding new data 1`] = `
<div>
  <div
    id="form"
  >
    <div
      class="ant-row ant-row-center"
      style="margin: -8px -8px -8px -8px;"
    >
      <div
        class="ant-col ant-col-24 webform"
        style="padding: 8px 8px 8px 8px;"
      >
        <div
          class="ant-space ant-space-horizontal ant-space-align-center"
        >
          <div
            class="ant-space-item"
          >
            <div
              class="ant-breadcrumb"
            >
              <span>
                <span
                  class="ant-breadcrumb-link"
                >
                  <a
                    href="/control-center"
                  >
                    <h1
                      class="ant-typography"
                      style="display: inline;"
                    >
                      Control Center
                    </h1>
                  </a>
                </span>
                <span
                  class="ant-breadcrumb-separator"
                >
                  &gt;
                </span>
              </span>
              <span>
                <span
                  class="ant-breadcrumb-link"
                >
                  <a
                    href="/data/manage"
                  >
                    <h2
                      class="ant-typography"
                      style="display: inline;"
                    >
                      Manage Data
                    </h2>
                  </a>
                </span>
                <span
                  class="ant-breadcrumb-separator"
                >
                  &gt;
                </span>
              </span>
              <span>
                <span
                  class="ant-breadcrumb-link"
                >
                  <h3
                    class="ant-typography"
                    style="display: inline;"
                  >
                    
                  </h3>
                </span>
                <span
                  class="ant-breadcrumb-separator"
                >
                  &gt;
                </span>
              </span>
            </div>
          </div>
        </div>
        <div
          class="description-paragraph"
        >
          <p>
            Please fill up the webform below with relevant responses. You will need to answer all mandatory questions before you can submit.
            <br />
            Once you have sumitted a webform, please do not forget to add it as part of a batch and send it for approval.
          </p>
        </div>
        <div
          class="ant-space ant-space-horizontal ant-space-align-start"
          style="width: 100%; min-height: 280px; padding: 30px;"
        >
          <div
            class="ant-space-item"
          >
            <div
              class="ant-space ant-space-horizontal ant-space-align-center"
            >
              <div
                class="ant-space-item"
                style="margin-right: 24px;"
              >
                <div
                  class="ant-spin ant-spin-spinning"
                >
                  <span
                    aria-label="loading"
                    class="anticon anticon-loading anticon-spin ant-spin-dot"
                    role="img"
                    style="font-size: 20px;"
                  >
                    <svg
                      aria-hidden="true"
                      data-icon="loading"
                      fill="currentColor"
                      focusable="false"
                      height="1em"
                      viewBox="0 0 1024 1024"
                      width="1em"
                    >
                      <path
                        d="M988 548c-19.9 0-36-16.1-36-36 0-59.4-11.6-117-34.6-171.3a440.45 440.45 0 00-94.3-139.9 437.71 437.71 0 00-139.9-94.3C629 83.6 571.4 72 512 72c-19.9 0-36-16.1-36-36s16.1-36 36-36c69.1 0 136.2 13.5 199.3 40.3C772.3 66 827 103 874 150c47 47 83.9 101.8 109.7 162.7 26.7 63.1 40.2 130.2 40.2 199.3.1 19.9-16 36-35.9 36z"
                      />
                    </svg>
                  </span>
                </div>
              </div>
              <div
                class="ant-space-item"
              >
                <h5
                  class="ant-typography"
                  style="margin-bottom: 0px;"
                >
                  Fetching form..
                </h5>
              </div>
            </div>
          </div>
        </div>
      </div>
    </div>
  </div>
</div>
`;
