// Jest Snapshot v1, https://goo.gl/fbAQLP

exports[`components/UserTab test if UserTab has two tabs and add user 1`] = `
<div>
  <div
    class="ant-tabs ant-tabs-top ant-tabs-large"
  >
    <div
      class="ant-tabs-nav"
      role="tablist"
    >
      <div
        class="ant-tabs-nav-wrap"
      >
        <div
          class="ant-tabs-nav-list"
          style="transform: translate(0px, 0px);"
        >
          <div
            class="ant-tabs-tab"
          >
            <div
              aria-controls="rc-tabs-test-panel-/users"
              aria-selected="false"
              class="ant-tabs-tab-btn"
              id="rc-tabs-test-tab-/users"
              role="tab"
              tabindex="0"
            >
              Manage Users
            </div>
          </div>
          <div
            class="ant-tabs-tab"
          >
            <div
              aria-controls="rc-tabs-test-panel-/approvers/tree"
              aria-selected="false"
              class="ant-tabs-tab-btn"
              id="rc-tabs-test-tab-/approvers/tree"
              role="tab"
              tabindex="0"
            >
              Data Validation Tree
            </div>
          </div>
          <div
            class="ant-tabs-ink-bar ant-tabs-ink-bar-animated"
          />
        </div>
      </div>
      <div
        class="ant-tabs-nav-operations ant-tabs-nav-operations-hidden"
      >
        <button
          aria-controls="rc-tabs-test-more-popup"
          aria-expanded="false"
          aria-haspopup="listbox"
          aria-hidden="true"
          class="ant-tabs-nav-more"
          id="rc-tabs-test-more"
          style="visibility: hidden; order: 1;"
          tabindex="-1"
          type="button"
        >
          <span
            aria-label="ellipsis"
            class="anticon anticon-ellipsis"
            role="img"
          >
            <svg
              aria-hidden="true"
              data-icon="ellipsis"
              fill="currentColor"
              focusable="false"
              height="1em"
              viewBox="64 64 896 896"
              width="1em"
            >
              <path
                d="M176 511a56 56 0 10112 0 56 56 0 10-112 0zm280 0a56 56 0 10112 0 56 56 0 10-112 0zm280 0a56 56 0 10112 0 56 56 0 10-112 0z"
              />
            </svg>
          </span>
        </button>
      </div>
      <div
        class="ant-tabs-extra-content"
      >
        <a
          href="/user/add"
        >
          <button
            class="ant-btn ant-btn-primary"
            type="button"
          >
            <span>
              Add new user
            </span>
          </button>
        </a>
      </div>
    </div>
    <div
      class="ant-tabs-content-holder"
    >
      <div
        class="ant-tabs-content ant-tabs-content-top"
      >
        <div
          aria-hidden="true"
          aria-labelledby="rc-tabs-test-tab-/users"
          class="ant-tabs-tabpane"
          id="rc-tabs-test-panel-/users"
          role="tabpanel"
          style="display: none;"
          tabindex="-1"
        />
        <div
          aria-hidden="true"
          aria-labelledby="rc-tabs-test-tab-/approvers/tree"
          class="ant-tabs-tabpane"
          id="rc-tabs-test-panel-/approvers/tree"
          role="tabpanel"
          style="display: none;"
          tabindex="-1"
        />
      </div>
    </div>
  </div>
</div>
`;
